// Jest Snapshot v1, https://goo.gl/fbAQLP

exports[`renders correctly 1`] = `
<div
  className="nav header"
>
  <a
    className="home-link"
    href="/"
    onClick={[Function]}
  >
    <h4
      className=" nav-text"
    >
       Healthy Meals
    </h4>
  </a>
</div>
`;
